// Jest Snapshot v1, https://goo.gl/fbAQLP

exports[`Pruebas en el componente AddCategory Debe mostrarse correctamente  1`] = `
Object {
  "wraper": <form
    onSubmit={[Function]}
  >
    <p />
    <input
      onChange={[Function]}
      type="text"
      value=""
    />
  </form>,
}
`;
